{"production": "START", "unique_alleles": 18220, "cached": 0, "pending": 18220, "workers": 2}
{"production": "PROGRESS", "completed_this_run": 100, "total_cached": 100, "elapsed_seconds": 38.46682890000375}
{"production": "PROGRESS", "completed_this_run": 200, "total_cached": 200, "elapsed_seconds": 74.81200009999884}
{"production": "PROGRESS", "completed_this_run": 300, "total_cached": 300, "elapsed_seconds": 111.37784139999712}
{"production": "PROGRESS", "completed_this_run": 400, "total_cached": 400, "elapsed_seconds": 147.34144170000218}
{"production": "PROGRESS", "completed_this_run": 500, "total_cached": 500, "elapsed_seconds": 182.93954120000126}
{"production": "PROGRESS", "completed_this_run": 600, "total_cached": 600, "elapsed_seconds": 217.28248069999972}
{"production": "PROGRESS", "completed_this_run": 700, "total_cached": 700, "elapsed_seconds": 254.76182240000344}
{"production": "PROGRESS", "completed_this_run": 800, "total_cached": 800, "elapsed_seconds": 293.0753595999995}
{"production": "PROGRESS", "completed_this_run": 900, "total_cached": 900, "elapsed_seconds": 331.0075808000038}
{"production": "PROGRESS", "completed_this_run": 1000, "total_cached": 1000, "elapsed_seconds": 368.34257680000155}
{"production": "PROGRESS", "completed_this_run": 1100, "total_cached": 1100, "elapsed_seconds": 406.5413890999989}
{"production": "PROGRESS", "completed_this_run": 1200, "total_cached": 1200, "elapsed_seconds": 441.3078392000025}
{"production": "PROGRESS", "completed_this_run": 1300, "total_cached": 1300, "elapsed_seconds": 477.5253997000036}
{"production": "PROGRESS", "completed_this_run": 1400, "total_cached": 1400, "elapsed_seconds": 515.8941990000021}
{"production": "PROGRESS", "completed_this_run": 1500, "total_cached": 1500, "elapsed_seconds": 552.4810376000023}
{"production": "PROGRESS", "completed_this_run": 1600, "total_cached": 1600, "elapsed_seconds": 589.4242760999987}
{"production": "PROGRESS", "completed_this_run": 1700, "total_cached": 1700, "elapsed_seconds": 628.3370785000006}
{"production": "PROGRESS", "completed_this_run": 1800, "total_cached": 1800, "elapsed_seconds": 666.5109720000037}
{"production": "PROGRESS", "completed_this_run": 1900, "total_cached": 1900, "elapsed_seconds": 703.9455347000039}
{"production": "PROGRESS", "completed_this_run": 2000, "total_cached": 2000, "elapsed_seconds": 740.2457654000027}
{"production": "PROGRESS", "completed_this_run": 2100, "total_cached": 2100, "elapsed_seconds": 776.4768633999993}
{"production": "PROGRESS", "completed_this_run": 2200, "total_cached": 2200, "elapsed_seconds": 812.8394943000021}
{"production": "PROGRESS", "completed_this_run": 2300, "total_cached": 2300, "elapsed_seconds": 849.460948400003}
{"production": "PROGRESS", "completed_this_run": 2400, "total_cached": 2400, "elapsed_seconds": 886.3874264000042}
{"production": "PROGRESS", "completed_this_run": 2500, "total_cached": 2500, "elapsed_seconds": 924.0969570000016}
{"production": "PROGRESS", "completed_this_run": 2600, "total_cached": 2600, "elapsed_seconds": 960.4978074000028}
{"production": "PROGRESS", "completed_this_run": 2700, "total_cached": 2700, "elapsed_seconds": 994.6731284999987}
{"production": "PROGRESS", "completed_this_run": 2800, "total_cached": 2800, "elapsed_seconds": 1031.7045605000021}
{"production": "PROGRESS", "completed_this_run": 2900, "total_cached": 2900, "elapsed_seconds": 1068.7892945999993}
{"production": "PROGRESS", "completed_this_run": 3000, "total_cached": 3000, "elapsed_seconds": 2992.144251800004}
{"production": "PROGRESS", "completed_this_run": 3100, "total_cached": 3100, "elapsed_seconds": 3015.830286700002}
{"production": "PROGRESS", "completed_this_run": 3200, "total_cached": 3200, "elapsed_seconds": 3038.28241}
{"production": "PROGRESS", "completed_this_run": 3300, "total_cached": 3300, "elapsed_seconds": 3060.632923199999}
{"production": "PROGRESS", "completed_this_run": 3400, "total_cached": 3400, "elapsed_seconds": 3084.034225700001}
{"production": "PROGRESS", "completed_this_run": 3500, "total_cached": 3500, "elapsed_seconds": 3107.428724899997}
{"production": "PROGRESS", "completed_this_run": 3600, "total_cached": 3600, "elapsed_seconds": 3130.5205210999993}
{"production": "PROGRESS", "completed_this_run": 3700, "total_cached": 3700, "elapsed_seconds": 3154.0814307000037}
{"production": "PROGRESS", "completed_this_run": 3800, "total_cached": 3800, "elapsed_seconds": 3177.5213675999985}
{"production": "PROGRESS", "completed_this_run": 3900, "total_cached": 3900, "elapsed_seconds": 3200.9793503000037}
{"production": "PROGRESS", "completed_this_run": 4000, "total_cached": 4000, "elapsed_seconds": 3225.6514554000023}
{"production": "PROGRESS", "completed_this_run": 4100, "total_cached": 4100, "elapsed_seconds": 3249.756894899998}
{"production": "PROGRESS", "completed_this_run": 4200, "total_cached": 4200, "elapsed_seconds": 3271.4449619000006}
{"production": "PROGRESS", "completed_this_run": 4300, "total_cached": 4300, "elapsed_seconds": 3284.4937342999983}
{"production": "PROGRESS", "completed_this_run": 4400, "total_cached": 4400, "elapsed_seconds": 3296.783686499999}
{"production": "PROGRESS", "completed_this_run": 4500, "total_cached": 4500, "elapsed_seconds": 3309.3077809000024}
{"production": "PROGRESS", "completed_this_run": 4600, "total_cached": 4600, "elapsed_seconds": 3321.832914300001}
{"production": "PROGRESS", "completed_this_run": 4700, "total_cached": 4700, "elapsed_seconds": 3334.7858091000016}
{"production": "PROGRESS", "completed_this_run": 4800, "total_cached": 4800, "elapsed_seconds": 3348.1522345999983}
{"production": "PROGRESS", "completed_this_run": 4900, "total_cached": 4900, "elapsed_seconds": 3360.9590967999975}
{"production": "PROGRESS", "completed_this_run": 5000, "total_cached": 5000, "elapsed_seconds": 3373.800280399999}
{"production": "PROGRESS", "completed_this_run": 5100, "total_cached": 5100, "elapsed_seconds": 3387.009492500001}
{"production": "PROGRESS", "completed_this_run": 5200, "total_cached": 5200, "elapsed_seconds": 3400.693553500001}
{"production": "PROGRESS", "completed_this_run": 5300, "total_cached": 5300, "elapsed_seconds": 3414.3828231000007}
{"production": "PROGRESS", "completed_this_run": 5400, "total_cached": 5400, "elapsed_seconds": 3427.6154928000033}
{"production": "PROGRESS", "completed_this_run": 5500, "total_cached": 5500, "elapsed_seconds": 3440.969727100004}
{"production": "PROGRESS", "completed_this_run": 5600, "total_cached": 5600, "elapsed_seconds": 3454.4691862000036}
{"production": "PROGRESS", "completed_this_run": 5700, "total_cached": 5700, "elapsed_seconds": 3467.6531208000015}
{"production": "PROGRESS", "completed_this_run": 5800, "total_cached": 5800, "elapsed_seconds": 3480.8028981000025}
{"production": "PROGRESS", "completed_this_run": 5900, "total_cached": 5900, "elapsed_seconds": 3494.6151672999986}
{"production": "PROGRESS", "completed_this_run": 6000, "total_cached": 6000, "elapsed_seconds": 3508.5246062000006}
{"production": "PROGRESS", "completed_this_run": 6100, "total_cached": 6100, "elapsed_seconds": 3523.680190500003}
{"production": "PROGRESS", "completed_this_run": 6200, "total_cached": 6200, "elapsed_seconds": 3538.2058655}
{"production": "PROGRESS", "completed_this_run": 6300, "total_cached": 6300, "elapsed_seconds": 3554.608959600002}
{"production": "PROGRESS", "completed_this_run": 6400, "total_cached": 6400, "elapsed_seconds": 3569.5118694999983}
{"production": "PROGRESS", "completed_this_run": 6500, "total_cached": 6500, "elapsed_seconds": 3585.271323599998}
{"production": "PROGRESS", "completed_this_run": 6600, "total_cached": 6600, "elapsed_seconds": 3600.1717095999993}
{"production": "PROGRESS", "completed_this_run": 6700, "total_cached": 6700, "elapsed_seconds": 3615.666215099998}
{"production": "PROGRESS", "completed_this_run": 6800, "total_cached": 6800, "elapsed_seconds": 3630.1173161999977}
{"production": "PROGRESS", "completed_this_run": 6900, "total_cached": 6900, "elapsed_seconds": 3644.949469799998}
{"production": "PROGRESS", "completed_this_run": 7000, "total_cached": 7000, "elapsed_seconds": 3659.8380746999974}
{"production": "PROGRESS", "completed_this_run": 7100, "total_cached": 7100, "elapsed_seconds": 3673.373529999997}
{"production": "PROGRESS", "completed_this_run": 7200, "total_cached": 7200, "elapsed_seconds": 3687.566534999998}
{"production": "PROGRESS", "completed_this_run": 7300, "total_cached": 7300, "elapsed_seconds": 3702.399927700004}
{"production": "PROGRESS", "completed_this_run": 7400, "total_cached": 7400, "elapsed_seconds": 3716.558010300003}
{"production": "PROGRESS", "completed_this_run": 7500, "total_cached": 7500, "elapsed_seconds": 3730.844304799997}
{"production": "PROGRESS", "completed_this_run": 7600, "total_cached": 7600, "elapsed_seconds": 3745.611493199998}
{"production": "PROGRESS", "completed_this_run": 7700, "total_cached": 7700, "elapsed_seconds": 3760.6362191000007}
{"production": "PROGRESS", "completed_this_run": 7800, "total_cached": 7800, "elapsed_seconds": 3775.0862546999997}
{"production": "PROGRESS", "completed_this_run": 7900, "total_cached": 7900, "elapsed_seconds": 3789.382843500003}
{"production": "PROGRESS", "completed_this_run": 8000, "total_cached": 8000, "elapsed_seconds": 3804.069621800001}
{"production": "PROGRESS", "completed_this_run": 8100, "total_cached": 8100, "elapsed_seconds": 3819.276771900004}
{"production": "PROGRESS", "completed_this_run": 8200, "total_cached": 8200, "elapsed_seconds": 3831.5748817999993}
{"production": "PROGRESS", "completed_this_run": 8300, "total_cached": 8300, "elapsed_seconds": 3841.0435337000017}
{"production": "PROGRESS", "completed_this_run": 8400, "total_cached": 8400, "elapsed_seconds": 3850.6978423000037}
{"production": "PROGRESS", "completed_this_run": 8500, "total_cached": 8500, "elapsed_seconds": 3860.175240700002}
{"production": "PROGRESS", "completed_this_run": 8600, "total_cached": 8600, "elapsed_seconds": 3869.551854899997}
{"production": "PROGRESS", "completed_this_run": 8700, "total_cached": 8700, "elapsed_seconds": 3879.0104756}
{"production": "PROGRESS", "completed_this_run": 8800, "total_cached": 8800, "elapsed_seconds": 3887.8057152000038}
{"production": "PROGRESS", "completed_this_run": 8900, "total_cached": 8900, "elapsed_seconds": 3897.137097400002}
{"production": "PROGRESS", "completed_this_run": 9000, "total_cached": 9000, "elapsed_seconds": 3906.4197853000005}
{"production": "PROGRESS", "completed_this_run": 9100, "total_cached": 9100, "elapsed_seconds": 3915.9517742000025}
{"production": "PROGRESS", "completed_this_run": 9200, "total_cached": 9200, "elapsed_seconds": 3925.0823003999976}
{"production": "PROGRESS", "completed_this_run": 9300, "total_cached": 9300, "elapsed_seconds": 3934.0072204000026}
{"production": "PROGRESS", "completed_this_run": 9400, "total_cached": 9400, "elapsed_seconds": 3943.0798257999995}
{"production": "PROGRESS", "completed_this_run": 9500, "total_cached": 9500, "elapsed_seconds": 3952.991389900002}
{"production": "PROGRESS", "completed_this_run": 9600, "total_cached": 9600, "elapsed_seconds": 3962.7547215000013}
{"production": "PROGRESS", "completed_this_run": 9700, "total_cached": 9700, "elapsed_seconds": 3972.8324598000036}
{"production": "PROGRESS", "completed_this_run": 9800, "total_cached": 9800, "elapsed_seconds": 3983.2401113000014}
{"production": "PROGRESS", "completed_this_run": 9900, "total_cached": 9900, "elapsed_seconds": 3992.6109387000033}
{"production": "PROGRESS", "completed_this_run": 10000, "total_cached": 10000, "elapsed_seconds": 4002.2420943000034}
{"production": "PROGRESS", "completed_this_run": 10100, "total_cached": 10100, "elapsed_seconds": 4011.7185151000012}
{"production": "PROGRESS", "completed_this_run": 10200, "total_cached": 10200, "elapsed_seconds": 4021.4639269000036}
{"production": "PROGRESS", "completed_this_run": 10300, "total_cached": 10300, "elapsed_seconds": 4031.645691700003}
{"production": "PROGRESS", "completed_this_run": 10400, "total_cached": 10400, "elapsed_seconds": 4041.2381313000005}
{"production": "PROGRESS", "completed_this_run": 10500, "total_cached": 10500, "elapsed_seconds": 4051.0056468999974}
{"production": "PROGRESS", "completed_this_run": 10600, "total_cached": 10600, "elapsed_seconds": 4060.816089699998}
{"production": "PROGRESS", "completed_this_run": 10700, "total_cached": 10700, "elapsed_seconds": 4070.527526099999}
{"production": "PROGRESS", "completed_this_run": 10800, "total_cached": 10800, "elapsed_seconds": 4080.2338428000003}
{"production": "PROGRESS", "completed_this_run": 10900, "total_cached": 10900, "elapsed_seconds": 4090.1765355000025}
{"production": "PROGRESS", "completed_this_run": 11000, "total_cached": 11000, "elapsed_seconds": 4099.486120100002}
{"production": "PROGRESS", "completed_this_run": 11100, "total_cached": 11100, "elapsed_seconds": 4109.212847800001}
{"production": "PROGRESS", "completed_this_run": 11200, "total_cached": 11200, "elapsed_seconds": 4118.985090599999}
{"production": "PROGRESS", "completed_this_run": 11300, "total_cached": 11300, "elapsed_seconds": 4128.519156000002}
{"production": "PROGRESS", "completed_this_run": 11400, "total_cached": 11400, "elapsed_seconds": 4138.218138000004}
{"production": "PROGRESS", "completed_this_run": 11500, "total_cached": 11500, "elapsed_seconds": 4147.764857399998}
{"production": "PROGRESS", "completed_this_run": 11600, "total_cached": 11600, "elapsed_seconds": 4157.339764000004}
{"production": "PROGRESS", "completed_this_run": 11700, "total_cached": 11700, "elapsed_seconds": 4167.083344899998}
{"production": "PROGRESS", "completed_this_run": 11800, "total_cached": 11800, "elapsed_seconds": 4176.5244967000035}
{"production": "PROGRESS", "completed_this_run": 11900, "total_cached": 11900, "elapsed_seconds": 4186.164774800003}
{"production": "PROGRESS", "completed_this_run": 12000, "total_cached": 12000, "elapsed_seconds": 4197.176442000004}
{"production": "PROGRESS", "completed_this_run": 12100, "total_cached": 12100, "elapsed_seconds": 4206.900469799999}
{"production": "PROGRESS", "completed_this_run": 12200, "total_cached": 12200, "elapsed_seconds": 4216.034618099999}
{"production": "PROGRESS", "completed_this_run": 12300, "total_cached": 12300, "elapsed_seconds": 4225.579913399997}
{"production": "PROGRESS", "completed_this_run": 12400, "total_cached": 12400, "elapsed_seconds": 4235.097785099999}
{"production": "PROGRESS", "completed_this_run": 12500, "total_cached": 12500, "elapsed_seconds": 4244.919654999998}
{"production": "PROGRESS", "completed_this_run": 12600, "total_cached": 12600, "elapsed_seconds": 4254.766508100001}
{"production": "PROGRESS", "completed_this_run": 12700, "total_cached": 12700, "elapsed_seconds": 4264.368109000003}
{"production": "PROGRESS", "completed_this_run": 12800, "total_cached": 12800, "elapsed_seconds": 4273.948688000004}
{"production": "PROGRESS", "completed_this_run": 12900, "total_cached": 12900, "elapsed_seconds": 4283.426443999997}
{"production": "PROGRESS", "completed_this_run": 13000, "total_cached": 13000, "elapsed_seconds": 4292.980186000001}
{"production": "PROGRESS", "completed_this_run": 13100, "total_cached": 13100, "elapsed_seconds": 4302.5333875}
{"production": "PROGRESS", "completed_this_run": 13200, "total_cached": 13200, "elapsed_seconds": 4311.9307959}
{"production": "PROGRESS", "completed_this_run": 13300, "total_cached": 13300, "elapsed_seconds": 4321.704021700003}
{"production": "PROGRESS", "completed_this_run": 13400, "total_cached": 13400, "elapsed_seconds": 4330.779351700003}
{"production": "PROGRESS", "completed_this_run": 13500, "total_cached": 13500, "elapsed_seconds": 4340.215758700004}
{"production": "PROGRESS", "completed_this_run": 13600, "total_cached": 13600, "elapsed_seconds": 4349.7662977}
{"production": "PROGRESS", "completed_this_run": 13700, "total_cached": 13700, "elapsed_seconds": 4359.197500100003}
{"production": "PROGRESS", "completed_this_run": 13800, "total_cached": 13800, "elapsed_seconds": 4369.194866800004}
{"production": "PROGRESS", "completed_this_run": 13900, "total_cached": 13900, "elapsed_seconds": 4378.991340599998}
{"production": "PROGRESS", "completed_this_run": 14000, "total_cached": 14000, "elapsed_seconds": 4388.587902500003}
{"production": "PROGRESS", "completed_this_run": 14100, "total_cached": 14100, "elapsed_seconds": 4398.0067930000005}
{"production": "PROGRESS", "completed_this_run": 14200, "total_cached": 14200, "elapsed_seconds": 4407.412579900003}
{"production": "PROGRESS", "completed_this_run": 14300, "total_cached": 14300, "elapsed_seconds": 4417.0895141}
{"production": "PROGRESS", "completed_this_run": 14400, "total_cached": 14400, "elapsed_seconds": 4426.970443700004}
{"production": "PROGRESS", "completed_this_run": 14500, "total_cached": 14500, "elapsed_seconds": 4436.607210000002}
{"production": "PROGRESS", "completed_this_run": 14600, "total_cached": 14600, "elapsed_seconds": 4447.279865299999}
{"production": "PROGRESS", "completed_this_run": 14700, "total_cached": 14700, "elapsed_seconds": 4457.097799399999}
{"production": "PROGRESS", "completed_this_run": 14800, "total_cached": 14800, "elapsed_seconds": 4467.241288500001}
{"production": "PROGRESS", "completed_this_run": 14900, "total_cached": 14900, "elapsed_seconds": 4477.100208199998}
{"production": "PROGRESS", "completed_this_run": 15000, "total_cached": 15000, "elapsed_seconds": 4486.847650000003}
{"production": "PROGRESS", "completed_this_run": 15100, "total_cached": 15100, "elapsed_seconds": 4496.588457999998}
{"production": "PROGRESS", "completed_this_run": 15200, "total_cached": 15200, "elapsed_seconds": 4506.005344899997}
{"production": "PROGRESS", "completed_this_run": 15300, "total_cached": 15300, "elapsed_seconds": 4515.8826156}
{"production": "PROGRESS", "completed_this_run": 15400, "total_cached": 15400, "elapsed_seconds": 4525.8139734}
{"production": "PROGRESS", "completed_this_run": 15500, "total_cached": 15500, "elapsed_seconds": 4535.294970299998}
{"production": "PROGRESS", "completed_this_run": 15600, "total_cached": 15600, "elapsed_seconds": 4544.5971909}
{"production": "PROGRESS", "completed_this_run": 15700, "total_cached": 15700, "elapsed_seconds": 4553.9603417000035}
{"production": "PROGRESS", "completed_this_run": 15800, "total_cached": 15800, "elapsed_seconds": 4563.305831899997}
{"production": "PROGRESS", "completed_this_run": 15900, "total_cached": 15900, "elapsed_seconds": 4572.674495500003}
{"production": "PROGRESS", "completed_this_run": 16000, "total_cached": 16000, "elapsed_seconds": 4582.171344599999}
{"production": "PROGRESS", "completed_this_run": 16100, "total_cached": 16100, "elapsed_seconds": 4591.801902400002}
{"production": "PROGRESS", "completed_this_run": 16200, "total_cached": 16200, "elapsed_seconds": 4601.147132500002}
{"production": "PROGRESS", "completed_this_run": 16300, "total_cached": 16300, "elapsed_seconds": 4610.362761299999}
{"production": "PROGRESS", "completed_this_run": 16400, "total_cached": 16400, "elapsed_seconds": 4619.9895910999985}
{"production": "PROGRESS", "completed_this_run": 16500, "total_cached": 16500, "elapsed_seconds": 4629.820819100001}
{"production": "PROGRESS", "completed_this_run": 16600, "total_cached": 16600, "elapsed_seconds": 4639.225489700002}
{"production": "PROGRESS", "completed_this_run": 16700, "total_cached": 16700, "elapsed_seconds": 4648.393921299998}
{"production": "PROGRESS", "completed_this_run": 16800, "total_cached": 16800, "elapsed_seconds": 4657.941381500001}
{"production": "PROGRESS", "completed_this_run": 16900, "total_cached": 16900, "elapsed_seconds": 4667.409548299998}
{"production": "PROGRESS", "completed_this_run": 17000, "total_cached": 17000, "elapsed_seconds": 4676.909658099998}
{"production": "PROGRESS", "completed_this_run": 17100, "total_cached": 17100, "elapsed_seconds": 4686.843610099997}
{"production": "PROGRESS", "completed_this_run": 17200, "total_cached": 17200, "elapsed_seconds": 4696.523783800003}
{"production": "PROGRESS", "completed_this_run": 17300, "total_cached": 17300, "elapsed_seconds": 4706.050812300004}
{"production": "PROGRESS", "completed_this_run": 17400, "total_cached": 17400, "elapsed_seconds": 4715.773969399997}
{"production": "PROGRESS", "completed_this_run": 17500, "total_cached": 17500, "elapsed_seconds": 4724.153286699999}
{"production": "PROGRESS", "completed_this_run": 17600, "total_cached": 17600, "elapsed_seconds": 4728.114671199997}
{"production": "PROGRESS", "completed_this_run": 17700, "total_cached": 17700, "elapsed_seconds": 4732.051716900001}
{"production": "PROGRESS", "completed_this_run": 17800, "total_cached": 17800, "elapsed_seconds": 4735.867794099999}
{"production": "PROGRESS", "completed_this_run": 17900, "total_cached": 17900, "elapsed_seconds": 4739.629466600003}
{"production": "PROGRESS", "completed_this_run": 18000, "total_cached": 18000, "elapsed_seconds": 4742.941151200001}
{"production": "PROGRESS", "completed_this_run": 18100, "total_cached": 18100, "elapsed_seconds": 4746.346307699998}
{"production": "PROGRESS", "completed_this_run": 18200, "total_cached": 18200, "elapsed_seconds": 4749.886141399998}
{"production": "PROGRESS", "completed_this_run": 18220, "total_cached": 18220, "elapsed_seconds": 4750.591061400002}
{
  "status": "PASS",
  "role": "UNSUPERVISED_SEQUENCE_ONLY_FEATURE_PRODUCTION",
  "unique_alleles": 18220,
  "cached_at_start": 0,
  "folded_this_run": 18220,
  "workers": 2,
  "worker_threads": 1,
  "elapsed_seconds": 5194.832949800002,
  "sum_worker_fold_seconds": 9441.632543700238,
  "worker_peak_working_set_bytes": {
    "5612": 159756288,
    "21952": 155516928
  },
  "protocol_sha256": "450522fe3d0261dd5fa873b2e3481ab158f1ad636df3fcaa92c1b449ce398ff1",
  "config_sha256": "8f78a2adf6cb27492cac4be2c852bddfd45d230bea6045d93748ee2da6cfdba8",
  "models_fit": 0,
  "outcomes_used": false,
  "full_core_feature_matrix_built": false,
  "previous_prefit_files_unchanged": 45
}
