Inner fit verified: outer=0 recipe=M0_A inner=0
Inner fit verified: outer=0 recipe=M0_A inner=1
Inner fit verified: outer=0 recipe=M0_A inner=2
Inner fit verified: outer=0 recipe=M0_B inner=0
Inner fit verified: outer=0 recipe=M0_B inner=1
Inner fit verified: outer=0 recipe=M0_B inner=2
Inner fit verified: outer=0 recipe=M0_C inner=0
Inner fit verified: outer=0 recipe=M0_C inner=1
Inner fit verified: outer=0 recipe=M0_C inner=2
Inner fit verified: outer=0 recipe=M0_D inner=0
Inner fit verified: outer=0 recipe=M0_D inner=1
Inner fit verified: outer=0 recipe=M0_D inner=2
Inner fit verified: outer=0 recipe=M0_E inner=0
Inner fit verified: outer=0 recipe=M0_E inner=1
Inner fit verified: outer=0 recipe=M0_E inner=2
Inner fit verified: outer=0 recipe=M0_F inner=0
Inner fit verified: outer=0 recipe=M0_F inner=1
Inner fit verified: outer=0 recipe=M0_F inner=2
Inner fit verified: outer=0 recipe=M1_A inner=0
Inner fit verified: outer=0 recipe=M1_A inner=1
Inner fit verified: outer=0 recipe=M1_A inner=2
Inner fit verified: outer=0 recipe=M1_B inner=0
Inner fit verified: outer=0 recipe=M1_B inner=1
Inner fit verified: outer=0 recipe=M1_B inner=2
Inner fit verified: outer=0 recipe=M1_C inner=0
Inner fit verified: outer=0 recipe=M1_C inner=1
Inner fit verified: outer=0 recipe=M1_C inner=2
Inner fit verified: outer=0 recipe=M1_D inner=0
Inner fit verified: outer=0 recipe=M1_D inner=1
Inner fit verified: outer=0 recipe=M1_D inner=2
Inner fit verified: outer=0 recipe=M1_E inner=0
Inner fit verified: outer=0 recipe=M1_E inner=1
Inner fit verified: outer=0 recipe=M1_E inner=2
Inner fit verified: outer=0 recipe=M1_F inner=0
Inner fit verified: outer=0 recipe=M1_F inner=1
Inner fit verified: outer=0 recipe=M1_F inner=2
Inner fit verified: outer=0 recipe=M2_A inner=0
Inner fit verified: outer=0 recipe=M2_A inner=1
Inner fit verified: outer=0 recipe=M2_A inner=2
Inner fit verified: outer=0 recipe=M2_B inner=0
Inner fit verified: outer=0 recipe=M2_B inner=1
Inner fit verified: outer=0 recipe=M2_B inner=2
Inner fit verified: outer=0 recipe=M2_C inner=0
Inner fit verified: outer=0 recipe=M2_C inner=1
Inner fit verified: outer=0 recipe=M2_C inner=2
Inner fit verified: outer=0 recipe=M2_D inner=0
Inner fit verified: outer=0 recipe=M2_D inner=1
Inner fit verified: outer=0 recipe=M2_D inner=2
Inner fit verified: outer=0 recipe=M2_E inner=0
Inner fit verified: outer=0 recipe=M2_E inner=1
Inner fit verified: outer=0 recipe=M2_E inner=2
Inner fit verified: outer=0 recipe=M2_F inner=0
Inner fit verified: outer=0 recipe=M2_F inner=1
Inner fit verified: outer=0 recipe=M2_F inner=2
Inner fit verified: outer=0 recipe=M3_A inner=0
Inner fit verified: outer=0 recipe=M3_A inner=1
Inner fit verified: outer=0 recipe=M3_A inner=2
Inner fit verified: outer=0 recipe=M3_B inner=0
Inner fit verified: outer=0 recipe=M3_B inner=1
Inner fit verified: outer=0 recipe=M3_B inner=2
Inner fit verified: outer=0 recipe=M3_C inner=0
Inner fit verified: outer=0 recipe=M3_C inner=1
Inner fit verified: outer=0 recipe=M3_C inner=2
Inner fit verified: outer=0 recipe=M3_D inner=0
Inner fit verified: outer=0 recipe=M3_D inner=1
Inner fit verified: outer=0 recipe=M3_D inner=2
Inner fit verified: outer=0 recipe=M3_E inner=0
Inner fit verified: outer=0 recipe=M3_E inner=1
Inner fit verified: outer=0 recipe=M3_E inner=2
Inner fit verified: outer=0 recipe=M3_F inner=0
Inner fit verified: outer=0 recipe=M3_F inner=1
Inner fit verified: outer=0 recipe=M3_F inner=2
Inner fit verified: outer=0 recipe=M4_A inner=0
Inner fit verified: outer=0 recipe=M4_A inner=1
Inner fit verified: outer=0 recipe=M4_A inner=2
Inner fit verified: outer=0 recipe=M4_B inner=0
Inner fit verified: outer=0 recipe=M4_B inner=1
Inner fit verified: outer=0 recipe=M4_B inner=2
Inner fit verified: outer=0 recipe=M4_C inner=0
Inner fit verified: outer=0 recipe=M4_C inner=1
Inner fit verified: outer=0 recipe=M4_C inner=2
Inner fit verified: outer=0 recipe=M4_D inner=0
Inner fit verified: outer=0 recipe=M4_D inner=1
Inner fit verified: outer=0 recipe=M4_D inner=2
Inner fit verified: outer=0 recipe=M4_E inner=0
Inner fit verified: outer=0 recipe=M4_E inner=1
Inner fit verified: outer=0 recipe=M4_E inner=2
Inner fit verified: outer=0 recipe=M4_F inner=0
Inner fit verified: outer=0 recipe=M4_F inner=1
Inner fit verified: outer=0 recipe=M4_F inner=2
Inner fit verified: outer=0 recipe=M5_A inner=0
Inner fit verified: outer=0 recipe=M5_A inner=1
Inner fit verified: outer=0 recipe=M5_A inner=2
Inner fit verified: outer=0 recipe=M5_B inner=0
Inner fit verified: outer=0 recipe=M5_B inner=1
Inner fit verified: outer=0 recipe=M5_B inner=2
Inner fit verified: outer=0 recipe=M5_C inner=0
Inner fit verified: outer=0 recipe=M5_C inner=1
Inner fit verified: outer=0 recipe=M5_C inner=2
Inner fit verified: outer=0 recipe=M5_D inner=0
Inner fit verified: outer=0 recipe=M5_D inner=1
Inner fit verified: outer=0 recipe=M5_D inner=2
Inner fit verified: outer=0 recipe=M5_E inner=0
Inner fit verified: outer=0 recipe=M5_E inner=1
Inner fit verified: outer=0 recipe=M5_E inner=2
Inner fit verified: outer=0 recipe=M5_F inner=0
Inner fit verified: outer=0 recipe=M5_F inner=1
Inner fit verified: outer=0 recipe=M5_F inner=2
Inner fit verified: outer=0 recipe=M6_A inner=0
Inner fit verified: outer=0 recipe=M6_A inner=1
Inner fit verified: outer=0 recipe=M6_A inner=2
Inner fit verified: outer=0 recipe=M6_B inner=0
Inner fit verified: outer=0 recipe=M6_B inner=1
Inner fit verified: outer=0 recipe=M6_B inner=2
Inner fit verified: outer=0 recipe=M6_C inner=0
Inner fit verified: outer=0 recipe=M6_C inner=1
Inner fit verified: outer=0 recipe=M6_C inner=2
Inner fit verified: outer=0 recipe=M6_D inner=0
Inner fit verified: outer=0 recipe=M6_D inner=1
Inner fit verified: outer=0 recipe=M6_D inner=2
Inner fit verified: outer=0 recipe=M6_E inner=0
Inner fit verified: outer=0 recipe=M6_E inner=1
Inner fit verified: outer=0 recipe=M6_E inner=2
Inner fit verified: outer=0 recipe=M6_F inner=0
Inner fit verified: outer=0 recipe=M6_F inner=1
Inner fit verified: outer=0 recipe=M6_F inner=2
Inner fit verified: outer=0 recipe=M7_A inner=0
Inner fit verified: outer=0 recipe=M7_A inner=1
Inner fit verified: outer=0 recipe=M7_A inner=2
Inner fit verified: outer=0 recipe=M7_B inner=0
Inner fit verified: outer=0 recipe=M7_B inner=1
Inner fit verified: outer=0 recipe=M7_B inner=2
Inner fit verified: outer=0 recipe=M7_C inner=0
Inner fit verified: outer=0 recipe=M7_C inner=1
Inner fit verified: outer=0 recipe=M7_C inner=2
Inner fit verified: outer=0 recipe=M7_D inner=0
Inner fit verified: outer=0 recipe=M7_D inner=1
Inner fit verified: outer=0 recipe=M7_D inner=2
Inner fit verified: outer=0 recipe=M7_E inner=0
Inner fit verified: outer=0 recipe=M7_E inner=1
Inner fit verified: outer=0 recipe=M7_E inner=2
Inner fit verified: outer=0 recipe=M7_F inner=0
Inner fit verified: outer=0 recipe=M7_F inner=1
Inner fit verified: outer=0 recipe=M7_F inner=2
Outer fold 0: inner selection complete; outer outcomes not evaluated
Inner fit verified: outer=1 recipe=M0_A inner=0
Inner fit verified: outer=1 recipe=M0_A inner=1
Inner fit verified: outer=1 recipe=M0_A inner=2
Inner fit verified: outer=1 recipe=M0_B inner=0
Inner fit verified: outer=1 recipe=M0_B inner=1
Inner fit verified: outer=1 recipe=M0_B inner=2
Inner fit verified: outer=1 recipe=M0_C inner=0
Inner fit verified: outer=1 recipe=M0_C inner=1
Inner fit verified: outer=1 recipe=M0_C inner=2
Inner fit verified: outer=1 recipe=M0_D inner=0
Inner fit verified: outer=1 recipe=M0_D inner=1
Inner fit verified: outer=1 recipe=M0_D inner=2
Inner fit verified: outer=1 recipe=M0_E inner=0
Inner fit verified: outer=1 recipe=M0_E inner=1
Inner fit verified: outer=1 recipe=M0_E inner=2
Inner fit verified: outer=1 recipe=M0_F inner=0
Inner fit verified: outer=1 recipe=M0_F inner=1
Inner fit verified: outer=1 recipe=M0_F inner=2
Inner fit verified: outer=1 recipe=M1_A inner=0
Inner fit verified: outer=1 recipe=M1_A inner=1
Inner fit verified: outer=1 recipe=M1_A inner=2
Inner fit verified: outer=1 recipe=M1_B inner=0
Inner fit verified: outer=1 recipe=M1_B inner=1
Inner fit verified: outer=1 recipe=M1_B inner=2
Inner fit verified: outer=1 recipe=M1_C inner=0
Inner fit verified: outer=1 recipe=M1_C inner=1
Inner fit verified: outer=1 recipe=M1_C inner=2
Inner fit verified: outer=1 recipe=M1_D inner=0
Inner fit verified: outer=1 recipe=M1_D inner=1
Inner fit verified: outer=1 recipe=M1_D inner=2
Inner fit verified: outer=1 recipe=M1_E inner=0
Inner fit verified: outer=1 recipe=M1_E inner=1
Inner fit verified: outer=1 recipe=M1_E inner=2
Inner fit verified: outer=1 recipe=M1_F inner=0
Inner fit verified: outer=1 recipe=M1_F inner=1
Inner fit verified: outer=1 recipe=M1_F inner=2
Inner fit verified: outer=1 recipe=M2_A inner=0
Inner fit verified: outer=1 recipe=M2_A inner=1
Inner fit verified: outer=1 recipe=M2_A inner=2
Inner fit verified: outer=1 recipe=M2_B inner=0
Inner fit verified: outer=1 recipe=M2_B inner=1
Inner fit verified: outer=1 recipe=M2_B inner=2
Inner fit verified: outer=1 recipe=M2_C inner=0
Inner fit verified: outer=1 recipe=M2_C inner=1
Inner fit verified: outer=1 recipe=M2_C inner=2
Inner fit verified: outer=1 recipe=M2_D inner=0
Inner fit verified: outer=1 recipe=M2_D inner=1
Inner fit verified: outer=1 recipe=M2_D inner=2
Inner fit verified: outer=1 recipe=M2_E inner=0
Inner fit verified: outer=1 recipe=M2_E inner=1
Inner fit verified: outer=1 recipe=M2_E inner=2
Inner fit verified: outer=1 recipe=M2_F inner=0
Inner fit verified: outer=1 recipe=M2_F inner=1
Inner fit verified: outer=1 recipe=M2_F inner=2
Inner fit verified: outer=1 recipe=M3_A inner=0
Inner fit verified: outer=1 recipe=M3_A inner=1
Inner fit verified: outer=1 recipe=M3_A inner=2
Inner fit verified: outer=1 recipe=M3_B inner=0
Inner fit verified: outer=1 recipe=M3_B inner=1
Inner fit verified: outer=1 recipe=M3_B inner=2
Inner fit verified: outer=1 recipe=M3_C inner=0
Inner fit verified: outer=1 recipe=M3_C inner=1
Inner fit verified: outer=1 recipe=M3_C inner=2
Inner fit verified: outer=1 recipe=M3_D inner=0
Inner fit verified: outer=1 recipe=M3_D inner=1
Inner fit verified: outer=1 recipe=M3_D inner=2
Inner fit verified: outer=1 recipe=M3_E inner=0
Inner fit verified: outer=1 recipe=M3_E inner=1
Inner fit verified: outer=1 recipe=M3_E inner=2
Inner fit verified: outer=1 recipe=M3_F inner=0
Inner fit verified: outer=1 recipe=M3_F inner=1
Inner fit verified: outer=1 recipe=M3_F inner=2
Inner fit verified: outer=1 recipe=M4_A inner=0
Inner fit verified: outer=1 recipe=M4_A inner=1
Inner fit verified: outer=1 recipe=M4_A inner=2
Inner fit verified: outer=1 recipe=M4_B inner=0
Inner fit verified: outer=1 recipe=M4_B inner=1
Inner fit verified: outer=1 recipe=M4_B inner=2
Inner fit verified: outer=1 recipe=M4_C inner=0
Inner fit verified: outer=1 recipe=M4_C inner=1
Inner fit verified: outer=1 recipe=M4_C inner=2
Inner fit verified: outer=1 recipe=M4_D inner=0
Inner fit verified: outer=1 recipe=M4_D inner=1
Inner fit verified: outer=1 recipe=M4_D inner=2
Inner fit verified: outer=1 recipe=M4_E inner=0
Inner fit verified: outer=1 recipe=M4_E inner=1
Inner fit verified: outer=1 recipe=M4_E inner=2
Inner fit verified: outer=1 recipe=M4_F inner=0
Inner fit verified: outer=1 recipe=M4_F inner=1
Inner fit verified: outer=1 recipe=M4_F inner=2
Inner fit verified: outer=1 recipe=M5_A inner=0
Inner fit verified: outer=1 recipe=M5_A inner=1
Inner fit verified: outer=1 recipe=M5_A inner=2
Inner fit verified: outer=1 recipe=M5_B inner=0
Inner fit verified: outer=1 recipe=M5_B inner=1
Inner fit verified: outer=1 recipe=M5_B inner=2
Inner fit verified: outer=1 recipe=M5_C inner=0
Inner fit verified: outer=1 recipe=M5_C inner=1
Inner fit verified: outer=1 recipe=M5_C inner=2
Inner fit verified: outer=1 recipe=M5_D inner=0
Inner fit verified: outer=1 recipe=M5_D inner=1
Inner fit verified: outer=1 recipe=M5_D inner=2
Inner fit verified: outer=1 recipe=M5_E inner=0
Inner fit verified: outer=1 recipe=M5_E inner=1
Inner fit verified: outer=1 recipe=M5_E inner=2
Inner fit verified: outer=1 recipe=M5_F inner=0
Inner fit verified: outer=1 recipe=M5_F inner=1
Inner fit verified: outer=1 recipe=M5_F inner=2
Inner fit verified: outer=1 recipe=M6_A inner=0
Inner fit verified: outer=1 recipe=M6_A inner=1
Inner fit verified: outer=1 recipe=M6_A inner=2
Inner fit verified: outer=1 recipe=M6_B inner=0
Inner fit verified: outer=1 recipe=M6_B inner=1
Inner fit verified: outer=1 recipe=M6_B inner=2
Inner fit verified: outer=1 recipe=M6_C inner=0
Inner fit verified: outer=1 recipe=M6_C inner=1
Inner fit verified: outer=1 recipe=M6_C inner=2
Inner fit verified: outer=1 recipe=M6_D inner=0
Inner fit verified: outer=1 recipe=M6_D inner=1
Inner fit verified: outer=1 recipe=M6_D inner=2
Inner fit verified: outer=1 recipe=M6_E inner=0
Inner fit verified: outer=1 recipe=M6_E inner=1
Inner fit verified: outer=1 recipe=M6_E inner=2
Inner fit verified: outer=1 recipe=M6_F inner=0
Inner fit verified: outer=1 recipe=M6_F inner=1
Inner fit verified: outer=1 recipe=M6_F inner=2
Inner fit verified: outer=1 recipe=M7_A inner=0
Inner fit verified: outer=1 recipe=M7_A inner=1
Inner fit verified: outer=1 recipe=M7_A inner=2
Inner fit verified: outer=1 recipe=M7_B inner=0
Inner fit verified: outer=1 recipe=M7_B inner=1
Inner fit verified: outer=1 recipe=M7_B inner=2
Inner fit verified: outer=1 recipe=M7_C inner=0
Inner fit verified: outer=1 recipe=M7_C inner=1
Inner fit verified: outer=1 recipe=M7_C inner=2
Inner fit verified: outer=1 recipe=M7_D inner=0
Inner fit verified: outer=1 recipe=M7_D inner=1
Inner fit verified: outer=1 recipe=M7_D inner=2
Inner fit verified: outer=1 recipe=M7_E inner=0
Inner fit verified: outer=1 recipe=M7_E inner=1
Inner fit verified: outer=1 recipe=M7_E inner=2
Inner fit verified: outer=1 recipe=M7_F inner=0
Inner fit verified: outer=1 recipe=M7_F inner=1
Inner fit verified: outer=1 recipe=M7_F inner=2
Outer fold 1: inner selection complete; outer outcomes not evaluated
Inner fit verified: outer=2 recipe=M0_A inner=0
Inner fit verified: outer=2 recipe=M0_A inner=1
Inner fit verified: outer=2 recipe=M0_A inner=2
Inner fit verified: outer=2 recipe=M0_B inner=0
Inner fit verified: outer=2 recipe=M0_B inner=1
Inner fit verified: outer=2 recipe=M0_B inner=2
Inner fit verified: outer=2 recipe=M0_C inner=0
Inner fit verified: outer=2 recipe=M0_C inner=1
Inner fit verified: outer=2 recipe=M0_C inner=2
Inner fit verified: outer=2 recipe=M0_D inner=0
Inner fit verified: outer=2 recipe=M0_D inner=1
Inner fit verified: outer=2 recipe=M0_D inner=2
Inner fit verified: outer=2 recipe=M0_E inner=0
Inner fit verified: outer=2 recipe=M0_E inner=1
Inner fit verified: outer=2 recipe=M0_E inner=2
Inner fit verified: outer=2 recipe=M0_F inner=0
Inner fit verified: outer=2 recipe=M0_F inner=1
Inner fit verified: outer=2 recipe=M0_F inner=2
Inner fit verified: outer=2 recipe=M1_A inner=0
Inner fit verified: outer=2 recipe=M1_A inner=1
Inner fit verified: outer=2 recipe=M1_A inner=2
Inner fit verified: outer=2 recipe=M1_B inner=0
Inner fit verified: outer=2 recipe=M1_B inner=1
Inner fit verified: outer=2 recipe=M1_B inner=2
Inner fit verified: outer=2 recipe=M1_C inner=0
Inner fit verified: outer=2 recipe=M1_C inner=1
Inner fit verified: outer=2 recipe=M1_C inner=2
Inner fit verified: outer=2 recipe=M1_D inner=0
Inner fit verified: outer=2 recipe=M1_D inner=1
Inner fit verified: outer=2 recipe=M1_D inner=2
Inner fit verified: outer=2 recipe=M1_E inner=0
Inner fit verified: outer=2 recipe=M1_E inner=1
Inner fit verified: outer=2 recipe=M1_E inner=2
Inner fit verified: outer=2 recipe=M1_F inner=0
Inner fit verified: outer=2 recipe=M1_F inner=1
Inner fit verified: outer=2 recipe=M1_F inner=2
Inner fit verified: outer=2 recipe=M2_A inner=0
Inner fit verified: outer=2 recipe=M2_A inner=1
Inner fit verified: outer=2 recipe=M2_A inner=2
Inner fit verified: outer=2 recipe=M2_B inner=0
Inner fit verified: outer=2 recipe=M2_B inner=1
Inner fit verified: outer=2 recipe=M2_B inner=2
Inner fit verified: outer=2 recipe=M2_C inner=0
Inner fit verified: outer=2 recipe=M2_C inner=1
Inner fit verified: outer=2 recipe=M2_C inner=2
Inner fit verified: outer=2 recipe=M2_D inner=0
Inner fit verified: outer=2 recipe=M2_D inner=1
Inner fit verified: outer=2 recipe=M2_D inner=2
Inner fit verified: outer=2 recipe=M2_E inner=0
Inner fit verified: outer=2 recipe=M2_E inner=1
Inner fit verified: outer=2 recipe=M2_E inner=2
Inner fit verified: outer=2 recipe=M2_F inner=0
Inner fit verified: outer=2 recipe=M2_F inner=1
Inner fit verified: outer=2 recipe=M2_F inner=2
Inner fit verified: outer=2 recipe=M3_A inner=0
Inner fit verified: outer=2 recipe=M3_A inner=1
Inner fit verified: outer=2 recipe=M3_A inner=2
Inner fit verified: outer=2 recipe=M3_B inner=0
Inner fit verified: outer=2 recipe=M3_B inner=1
Inner fit verified: outer=2 recipe=M3_B inner=2
Inner fit verified: outer=2 recipe=M3_C inner=0
Inner fit verified: outer=2 recipe=M3_C inner=1
Inner fit verified: outer=2 recipe=M3_C inner=2
Inner fit verified: outer=2 recipe=M3_D inner=0
Inner fit verified: outer=2 recipe=M3_D inner=1
Inner fit verified: outer=2 recipe=M3_D inner=2
Inner fit verified: outer=2 recipe=M3_E inner=0
Inner fit verified: outer=2 recipe=M3_E inner=1
Inner fit verified: outer=2 recipe=M3_E inner=2
Inner fit verified: outer=2 recipe=M3_F inner=0
Inner fit verified: outer=2 recipe=M3_F inner=1
Inner fit verified: outer=2 recipe=M3_F inner=2
Inner fit verified: outer=2 recipe=M4_A inner=0
Inner fit verified: outer=2 recipe=M4_A inner=1
Inner fit verified: outer=2 recipe=M4_A inner=2
Inner fit verified: outer=2 recipe=M4_B inner=0
Inner fit verified: outer=2 recipe=M4_B inner=1
Inner fit verified: outer=2 recipe=M4_B inner=2
Inner fit verified: outer=2 recipe=M4_C inner=0
Inner fit verified: outer=2 recipe=M4_C inner=1
Inner fit verified: outer=2 recipe=M4_C inner=2
Inner fit verified: outer=2 recipe=M4_D inner=0
Inner fit verified: outer=2 recipe=M4_D inner=1
Inner fit verified: outer=2 recipe=M4_D inner=2
Inner fit verified: outer=2 recipe=M4_E inner=0
Inner fit verified: outer=2 recipe=M4_E inner=1
Inner fit verified: outer=2 recipe=M4_E inner=2
Inner fit verified: outer=2 recipe=M4_F inner=0
Inner fit verified: outer=2 recipe=M4_F inner=1
Inner fit verified: outer=2 recipe=M4_F inner=2
Inner fit verified: outer=2 recipe=M5_A inner=0
Inner fit verified: outer=2 recipe=M5_A inner=1
Inner fit verified: outer=2 recipe=M5_A inner=2
Inner fit verified: outer=2 recipe=M5_B inner=0
Inner fit verified: outer=2 recipe=M5_B inner=1
Inner fit verified: outer=2 recipe=M5_B inner=2
Inner fit verified: outer=2 recipe=M5_C inner=0
Inner fit verified: outer=2 recipe=M5_C inner=1
Inner fit verified: outer=2 recipe=M5_C inner=2
Inner fit verified: outer=2 recipe=M5_D inner=0
Inner fit verified: outer=2 recipe=M5_D inner=1
Inner fit verified: outer=2 recipe=M5_D inner=2
Inner fit verified: outer=2 recipe=M5_E inner=0
Inner fit verified: outer=2 recipe=M5_E inner=1
Inner fit verified: outer=2 recipe=M5_E inner=2
Inner fit verified: outer=2 recipe=M5_F inner=0
Inner fit verified: outer=2 recipe=M5_F inner=1
Inner fit verified: outer=2 recipe=M5_F inner=2
Inner fit verified: outer=2 recipe=M6_A inner=0
Inner fit verified: outer=2 recipe=M6_A inner=1
Inner fit verified: outer=2 recipe=M6_A inner=2
Inner fit verified: outer=2 recipe=M6_B inner=0
Inner fit verified: outer=2 recipe=M6_B inner=1
Inner fit verified: outer=2 recipe=M6_B inner=2
Inner fit verified: outer=2 recipe=M6_C inner=0
Inner fit verified: outer=2 recipe=M6_C inner=1
Inner fit verified: outer=2 recipe=M6_C inner=2
Inner fit verified: outer=2 recipe=M6_D inner=0
Inner fit verified: outer=2 recipe=M6_D inner=1
Inner fit verified: outer=2 recipe=M6_D inner=2
Inner fit verified: outer=2 recipe=M6_E inner=0
Inner fit verified: outer=2 recipe=M6_E inner=1
Inner fit verified: outer=2 recipe=M6_E inner=2
Inner fit verified: outer=2 recipe=M6_F inner=0
Inner fit verified: outer=2 recipe=M6_F inner=1
Inner fit verified: outer=2 recipe=M6_F inner=2
Inner fit verified: outer=2 recipe=M7_A inner=0
Inner fit verified: outer=2 recipe=M7_A inner=1
Inner fit verified: outer=2 recipe=M7_A inner=2
Inner fit verified: outer=2 recipe=M7_B inner=0
Inner fit verified: outer=2 recipe=M7_B inner=1
Inner fit verified: outer=2 recipe=M7_B inner=2
Inner fit verified: outer=2 recipe=M7_C inner=0
Inner fit verified: outer=2 recipe=M7_C inner=1
Inner fit verified: outer=2 recipe=M7_C inner=2
Inner fit verified: outer=2 recipe=M7_D inner=0
Inner fit verified: outer=2 recipe=M7_D inner=1
Inner fit verified: outer=2 recipe=M7_D inner=2
Inner fit verified: outer=2 recipe=M7_E inner=0
Inner fit verified: outer=2 recipe=M7_E inner=1
Inner fit verified: outer=2 recipe=M7_E inner=2
Inner fit verified: outer=2 recipe=M7_F inner=0
Inner fit verified: outer=2 recipe=M7_F inner=1
Inner fit verified: outer=2 recipe=M7_F inner=2
Outer fold 2: inner selection complete; outer outcomes not evaluated
Inner fit verified: outer=3 recipe=M0_A inner=0
Inner fit verified: outer=3 recipe=M0_A inner=1
Inner fit verified: outer=3 recipe=M0_A inner=2
Inner fit verified: outer=3 recipe=M0_B inner=0
Inner fit verified: outer=3 recipe=M0_B inner=1
Inner fit verified: outer=3 recipe=M0_B inner=2
Inner fit verified: outer=3 recipe=M0_C inner=0
Inner fit verified: outer=3 recipe=M0_C inner=1
Inner fit verified: outer=3 recipe=M0_C inner=2
Inner fit verified: outer=3 recipe=M0_D inner=0
Inner fit verified: outer=3 recipe=M0_D inner=1
Inner fit verified: outer=3 recipe=M0_D inner=2
Inner fit verified: outer=3 recipe=M0_E inner=0
Inner fit verified: outer=3 recipe=M0_E inner=1
Inner fit verified: outer=3 recipe=M0_E inner=2
Inner fit verified: outer=3 recipe=M0_F inner=0
Inner fit verified: outer=3 recipe=M0_F inner=1
Inner fit verified: outer=3 recipe=M0_F inner=2
Inner fit verified: outer=3 recipe=M1_A inner=0
Inner fit verified: outer=3 recipe=M1_A inner=1
Inner fit verified: outer=3 recipe=M1_A inner=2
Inner fit verified: outer=3 recipe=M1_B inner=0
Inner fit verified: outer=3 recipe=M1_B inner=1
Inner fit verified: outer=3 recipe=M1_B inner=2
Inner fit verified: outer=3 recipe=M1_C inner=0
Inner fit verified: outer=3 recipe=M1_C inner=1
Inner fit verified: outer=3 recipe=M1_C inner=2
Inner fit verified: outer=3 recipe=M1_D inner=0
Inner fit verified: outer=3 recipe=M1_D inner=1
Inner fit verified: outer=3 recipe=M1_D inner=2
Inner fit verified: outer=3 recipe=M1_E inner=0
Inner fit verified: outer=3 recipe=M1_E inner=1
Inner fit verified: outer=3 recipe=M1_E inner=2
Inner fit verified: outer=3 recipe=M1_F inner=0
Inner fit verified: outer=3 recipe=M1_F inner=1
Inner fit verified: outer=3 recipe=M1_F inner=2
Inner fit verified: outer=3 recipe=M2_A inner=0
Inner fit verified: outer=3 recipe=M2_A inner=1
Inner fit verified: outer=3 recipe=M2_A inner=2
Inner fit verified: outer=3 recipe=M2_B inner=0
Inner fit verified: outer=3 recipe=M2_B inner=1
Inner fit verified: outer=3 recipe=M2_B inner=2
Inner fit verified: outer=3 recipe=M2_C inner=0
Inner fit verified: outer=3 recipe=M2_C inner=1
Inner fit verified: outer=3 recipe=M2_C inner=2
Inner fit verified: outer=3 recipe=M2_D inner=0
Inner fit verified: outer=3 recipe=M2_D inner=1
Inner fit verified: outer=3 recipe=M2_D inner=2
Inner fit verified: outer=3 recipe=M2_E inner=0
Inner fit verified: outer=3 recipe=M2_E inner=1
Inner fit verified: outer=3 recipe=M2_E inner=2
Inner fit verified: outer=3 recipe=M2_F inner=0
Inner fit verified: outer=3 recipe=M2_F inner=1
Inner fit verified: outer=3 recipe=M2_F inner=2
Inner fit verified: outer=3 recipe=M3_A inner=0
Inner fit verified: outer=3 recipe=M3_A inner=1
Inner fit verified: outer=3 recipe=M3_A inner=2
Inner fit verified: outer=3 recipe=M3_B inner=0
Inner fit verified: outer=3 recipe=M3_B inner=1
Inner fit verified: outer=3 recipe=M3_B inner=2
Inner fit verified: outer=3 recipe=M3_C inner=0
Inner fit verified: outer=3 recipe=M3_C inner=1
Inner fit verified: outer=3 recipe=M3_C inner=2
Inner fit verified: outer=3 recipe=M3_D inner=0
Inner fit verified: outer=3 recipe=M3_D inner=1
Inner fit verified: outer=3 recipe=M3_D inner=2
Inner fit verified: outer=3 recipe=M3_E inner=0
Inner fit verified: outer=3 recipe=M3_E inner=1
Inner fit verified: outer=3 recipe=M3_E inner=2
Inner fit verified: outer=3 recipe=M3_F inner=0
Inner fit verified: outer=3 recipe=M3_F inner=1
Inner fit verified: outer=3 recipe=M3_F inner=2
Inner fit verified: outer=3 recipe=M4_A inner=0
Inner fit verified: outer=3 recipe=M4_A inner=1
Inner fit verified: outer=3 recipe=M4_A inner=2
Inner fit verified: outer=3 recipe=M4_B inner=0
Inner fit verified: outer=3 recipe=M4_B inner=1
Inner fit verified: outer=3 recipe=M4_B inner=2
Inner fit verified: outer=3 recipe=M4_C inner=0
Inner fit verified: outer=3 recipe=M4_C inner=1
Inner fit verified: outer=3 recipe=M4_C inner=2
Inner fit verified: outer=3 recipe=M4_D inner=0
Inner fit verified: outer=3 recipe=M4_D inner=1
Inner fit verified: outer=3 recipe=M4_D inner=2
Inner fit verified: outer=3 recipe=M4_E inner=0
Inner fit verified: outer=3 recipe=M4_E inner=1
Inner fit verified: outer=3 recipe=M4_E inner=2
Inner fit verified: outer=3 recipe=M4_F inner=0
Inner fit verified: outer=3 recipe=M4_F inner=1
Inner fit verified: outer=3 recipe=M4_F inner=2
Inner fit verified: outer=3 recipe=M5_A inner=0
Inner fit verified: outer=3 recipe=M5_A inner=1
Inner fit verified: outer=3 recipe=M5_A inner=2
Inner fit verified: outer=3 recipe=M5_B inner=0
Inner fit verified: outer=3 recipe=M5_B inner=1
Inner fit verified: outer=3 recipe=M5_B inner=2
Inner fit verified: outer=3 recipe=M5_C inner=0
Inner fit verified: outer=3 recipe=M5_C inner=1
Inner fit verified: outer=3 recipe=M5_C inner=2
Inner fit verified: outer=3 recipe=M5_D inner=0
Inner fit verified: outer=3 recipe=M5_D inner=1
Inner fit verified: outer=3 recipe=M5_D inner=2
Inner fit verified: outer=3 recipe=M5_E inner=0
Inner fit verified: outer=3 recipe=M5_E inner=1
Inner fit verified: outer=3 recipe=M5_E inner=2
Inner fit verified: outer=3 recipe=M5_F inner=0
Inner fit verified: outer=3 recipe=M5_F inner=1
Inner fit verified: outer=3 recipe=M5_F inner=2
Inner fit verified: outer=3 recipe=M6_A inner=0
Inner fit verified: outer=3 recipe=M6_A inner=1
Inner fit verified: outer=3 recipe=M6_A inner=2
Inner fit verified: outer=3 recipe=M6_B inner=0
Inner fit verified: outer=3 recipe=M6_B inner=1
Inner fit verified: outer=3 recipe=M6_B inner=2
Inner fit verified: outer=3 recipe=M6_C inner=0
Inner fit verified: outer=3 recipe=M6_C inner=1
Inner fit verified: outer=3 recipe=M6_C inner=2
Inner fit verified: outer=3 recipe=M6_D inner=0
Inner fit verified: outer=3 recipe=M6_D inner=1
Inner fit verified: outer=3 recipe=M6_D inner=2
Inner fit verified: outer=3 recipe=M6_E inner=0
Inner fit verified: outer=3 recipe=M6_E inner=1
Inner fit verified: outer=3 recipe=M6_E inner=2
Inner fit verified: outer=3 recipe=M6_F inner=0
Inner fit verified: outer=3 recipe=M6_F inner=1
Inner fit verified: outer=3 recipe=M6_F inner=2
Inner fit verified: outer=3 recipe=M7_A inner=0
Inner fit verified: outer=3 recipe=M7_A inner=1
Inner fit verified: outer=3 recipe=M7_A inner=2
Inner fit verified: outer=3 recipe=M7_B inner=0
Inner fit verified: outer=3 recipe=M7_B inner=1
Inner fit verified: outer=3 recipe=M7_B inner=2
Inner fit verified: outer=3 recipe=M7_C inner=0
Inner fit verified: outer=3 recipe=M7_C inner=1
Inner fit verified: outer=3 recipe=M7_C inner=2
Inner fit verified: outer=3 recipe=M7_D inner=0
Inner fit verified: outer=3 recipe=M7_D inner=1
Inner fit verified: outer=3 recipe=M7_D inner=2
Inner fit verified: outer=3 recipe=M7_E inner=0
Inner fit verified: outer=3 recipe=M7_E inner=1
Inner fit verified: outer=3 recipe=M7_E inner=2
Inner fit verified: outer=3 recipe=M7_F inner=0
Inner fit verified: outer=3 recipe=M7_F inner=1
Inner fit verified: outer=3 recipe=M7_F inner=2
Outer fold 3: inner selection complete; outer outcomes not evaluated
Inner fit verified: outer=4 recipe=M0_A inner=0
Inner fit verified: outer=4 recipe=M0_A inner=1
Inner fit verified: outer=4 recipe=M0_A inner=2
Inner fit verified: outer=4 recipe=M0_B inner=0
Inner fit verified: outer=4 recipe=M0_B inner=1
Inner fit verified: outer=4 recipe=M0_B inner=2
Inner fit verified: outer=4 recipe=M0_C inner=0
Inner fit verified: outer=4 recipe=M0_C inner=1
Inner fit verified: outer=4 recipe=M0_C inner=2
Inner fit verified: outer=4 recipe=M0_D inner=0
Inner fit verified: outer=4 recipe=M0_D inner=1
Inner fit verified: outer=4 recipe=M0_D inner=2
Inner fit verified: outer=4 recipe=M0_E inner=0
Inner fit verified: outer=4 recipe=M0_E inner=1
Inner fit verified: outer=4 recipe=M0_E inner=2
Inner fit verified: outer=4 recipe=M0_F inner=0
Inner fit verified: outer=4 recipe=M0_F inner=1
Inner fit verified: outer=4 recipe=M0_F inner=2
Inner fit verified: outer=4 recipe=M1_A inner=0
Inner fit verified: outer=4 recipe=M1_A inner=1
Inner fit verified: outer=4 recipe=M1_A inner=2
Inner fit verified: outer=4 recipe=M1_B inner=0
Inner fit verified: outer=4 recipe=M1_B inner=1
Inner fit verified: outer=4 recipe=M1_B inner=2
Inner fit verified: outer=4 recipe=M1_C inner=0
Inner fit verified: outer=4 recipe=M1_C inner=1
Inner fit verified: outer=4 recipe=M1_C inner=2
Inner fit verified: outer=4 recipe=M1_D inner=0
Inner fit verified: outer=4 recipe=M1_D inner=1
Inner fit verified: outer=4 recipe=M1_D inner=2
Inner fit verified: outer=4 recipe=M1_E inner=0
Inner fit verified: outer=4 recipe=M1_E inner=1
Inner fit verified: outer=4 recipe=M1_E inner=2
Inner fit verified: outer=4 recipe=M1_F inner=0
Inner fit verified: outer=4 recipe=M1_F inner=1
Inner fit verified: outer=4 recipe=M1_F inner=2
Inner fit verified: outer=4 recipe=M2_A inner=0
Inner fit verified: outer=4 recipe=M2_A inner=1
Inner fit verified: outer=4 recipe=M2_A inner=2
Inner fit verified: outer=4 recipe=M2_B inner=0
Inner fit verified: outer=4 recipe=M2_B inner=1
Inner fit verified: outer=4 recipe=M2_B inner=2
Inner fit verified: outer=4 recipe=M2_C inner=0
Inner fit verified: outer=4 recipe=M2_C inner=1
Inner fit verified: outer=4 recipe=M2_C inner=2
Inner fit verified: outer=4 recipe=M2_D inner=0
Inner fit verified: outer=4 recipe=M2_D inner=1
Inner fit verified: outer=4 recipe=M2_D inner=2
Inner fit verified: outer=4 recipe=M2_E inner=0
Inner fit verified: outer=4 recipe=M2_E inner=1
Inner fit verified: outer=4 recipe=M2_E inner=2
Inner fit verified: outer=4 recipe=M2_F inner=0
Inner fit verified: outer=4 recipe=M2_F inner=1
Inner fit verified: outer=4 recipe=M2_F inner=2
Inner fit verified: outer=4 recipe=M3_A inner=0
Inner fit verified: outer=4 recipe=M3_A inner=1
Inner fit verified: outer=4 recipe=M3_A inner=2
Inner fit verified: outer=4 recipe=M3_B inner=0
Inner fit verified: outer=4 recipe=M3_B inner=1
Inner fit verified: outer=4 recipe=M3_B inner=2
Inner fit verified: outer=4 recipe=M3_C inner=0
Inner fit verified: outer=4 recipe=M3_C inner=1
Inner fit verified: outer=4 recipe=M3_C inner=2
Inner fit verified: outer=4 recipe=M3_D inner=0
Inner fit verified: outer=4 recipe=M3_D inner=1
Inner fit verified: outer=4 recipe=M3_D inner=2
Inner fit verified: outer=4 recipe=M3_E inner=0
Inner fit verified: outer=4 recipe=M3_E inner=1
Inner fit verified: outer=4 recipe=M3_E inner=2
Inner fit verified: outer=4 recipe=M3_F inner=0
Inner fit verified: outer=4 recipe=M3_F inner=1
Inner fit verified: outer=4 recipe=M3_F inner=2
Inner fit verified: outer=4 recipe=M4_A inner=0
Inner fit verified: outer=4 recipe=M4_A inner=1
Inner fit verified: outer=4 recipe=M4_A inner=2
Inner fit verified: outer=4 recipe=M4_B inner=0
Inner fit verified: outer=4 recipe=M4_B inner=1
Inner fit verified: outer=4 recipe=M4_B inner=2
Inner fit verified: outer=4 recipe=M4_C inner=0
Inner fit verified: outer=4 recipe=M4_C inner=1
Inner fit verified: outer=4 recipe=M4_C inner=2
Inner fit verified: outer=4 recipe=M4_D inner=0
Inner fit verified: outer=4 recipe=M4_D inner=1
Inner fit verified: outer=4 recipe=M4_D inner=2
Inner fit verified: outer=4 recipe=M4_E inner=0
Inner fit verified: outer=4 recipe=M4_E inner=1
Inner fit verified: outer=4 recipe=M4_E inner=2
Inner fit verified: outer=4 recipe=M4_F inner=0
Inner fit verified: outer=4 recipe=M4_F inner=1
Inner fit verified: outer=4 recipe=M4_F inner=2
Inner fit verified: outer=4 recipe=M5_A inner=0
Inner fit verified: outer=4 recipe=M5_A inner=1
Inner fit verified: outer=4 recipe=M5_A inner=2
Inner fit verified: outer=4 recipe=M5_B inner=0
Inner fit verified: outer=4 recipe=M5_B inner=1
Inner fit verified: outer=4 recipe=M5_B inner=2
Inner fit verified: outer=4 recipe=M5_C inner=0
Inner fit verified: outer=4 recipe=M5_C inner=1
Inner fit verified: outer=4 recipe=M5_C inner=2
Inner fit verified: outer=4 recipe=M5_D inner=0
Inner fit verified: outer=4 recipe=M5_D inner=1
Inner fit verified: outer=4 recipe=M5_D inner=2
Inner fit verified: outer=4 recipe=M5_E inner=0
Inner fit verified: outer=4 recipe=M5_E inner=1
Inner fit verified: outer=4 recipe=M5_E inner=2
Inner fit verified: outer=4 recipe=M5_F inner=0
Inner fit verified: outer=4 recipe=M5_F inner=1
Inner fit verified: outer=4 recipe=M5_F inner=2
Inner fit verified: outer=4 recipe=M6_A inner=0
Inner fit verified: outer=4 recipe=M6_A inner=1
Inner fit verified: outer=4 recipe=M6_A inner=2
Inner fit verified: outer=4 recipe=M6_B inner=0
Inner fit verified: outer=4 recipe=M6_B inner=1
Inner fit verified: outer=4 recipe=M6_B inner=2
Inner fit verified: outer=4 recipe=M6_C inner=0
Inner fit verified: outer=4 recipe=M6_C inner=1
Inner fit verified: outer=4 recipe=M6_C inner=2
Inner fit verified: outer=4 recipe=M6_D inner=0
Inner fit verified: outer=4 recipe=M6_D inner=1
Inner fit verified: outer=4 recipe=M6_D inner=2
Inner fit verified: outer=4 recipe=M6_E inner=0
Inner fit verified: outer=4 recipe=M6_E inner=1
Inner fit verified: outer=4 recipe=M6_E inner=2
Inner fit verified: outer=4 recipe=M6_F inner=0
Inner fit verified: outer=4 recipe=M6_F inner=1
Inner fit verified: outer=4 recipe=M6_F inner=2
Inner fit verified: outer=4 recipe=M7_A inner=0
Inner fit verified: outer=4 recipe=M7_A inner=1
Inner fit verified: outer=4 recipe=M7_A inner=2
Inner fit verified: outer=4 recipe=M7_B inner=0
Inner fit verified: outer=4 recipe=M7_B inner=1
Inner fit verified: outer=4 recipe=M7_B inner=2
Inner fit verified: outer=4 recipe=M7_C inner=0
Inner fit verified: outer=4 recipe=M7_C inner=1
Inner fit verified: outer=4 recipe=M7_C inner=2
Inner fit verified: outer=4 recipe=M7_D inner=0
Inner fit verified: outer=4 recipe=M7_D inner=1
Inner fit verified: outer=4 recipe=M7_D inner=2
Inner fit verified: outer=4 recipe=M7_E inner=0
Inner fit verified: outer=4 recipe=M7_E inner=1
Inner fit verified: outer=4 recipe=M7_E inner=2
Inner fit verified: outer=4 recipe=M7_F inner=0
Inner fit verified: outer=4 recipe=M7_F inner=1
Inner fit verified: outer=4 recipe=M7_F inner=2
Outer fold 4: inner selection complete; outer outcomes not evaluated
