Nonlinear known-cell hgb/simple six unchanged checkpoints evaluated; zero fits
Nonlinear known-cell hgb/base six unchanged checkpoints evaluated; zero fits
Nonlinear known-cell hgb/raw six unchanged checkpoints evaluated; zero fits
Nonlinear known-cell hgb/structure six unchanged checkpoints evaluated; zero fits
Nonlinear known-cell hgb/lookup six unchanged checkpoints evaluated; zero fits
Nonlinear known-cell hgb/bert six unchanged checkpoints evaluated; zero fits
Nonlinear known-cell hgb/combined six unchanged checkpoints evaluated; zero fits
Nonlinear known-cell ridge/simple six unchanged checkpoints evaluated; zero fits
Nonlinear known-cell ridge/base six unchanged checkpoints evaluated; zero fits
Nonlinear known-cell ridge/raw six unchanged checkpoints evaluated; zero fits
Nonlinear known-cell ridge/structure six unchanged checkpoints evaluated; zero fits
Nonlinear known-cell ridge/lookup six unchanged checkpoints evaluated; zero fits
Nonlinear known-cell ridge/bert six unchanged checkpoints evaluated; zero fits
Nonlinear known-cell ridge/combined six unchanged checkpoints evaluated; zero fits
Nonlinear known-cell independent both-state replay hgb/simple PASS
Nonlinear known-cell independent both-state replay hgb/base PASS
Nonlinear known-cell independent both-state replay hgb/raw PASS
Nonlinear known-cell independent both-state replay hgb/structure PASS
Nonlinear known-cell independent both-state replay hgb/lookup PASS
Nonlinear known-cell independent both-state replay hgb/bert PASS
Nonlinear known-cell independent both-state replay hgb/combined PASS
Nonlinear known-cell independent both-state replay ridge/simple PASS
Nonlinear known-cell independent both-state replay ridge/base PASS
Nonlinear known-cell independent both-state replay ridge/raw PASS
Nonlinear known-cell independent both-state replay ridge/structure PASS
Nonlinear known-cell independent both-state replay ridge/lookup PASS
Nonlinear known-cell independent both-state replay ridge/bert PASS
Nonlinear known-cell independent both-state replay ridge/combined PASS
